// Jest Snapshot v1, https://goo.gl/fbAQLP

exports[`DisabledPanel tests basic tests matches the snapshot 1`] = `
<div
  className="sc-bdVaJa heCHgH"
>
  <span
    className="sc-bwzfXH bWadiB"
  >
    <svg
      aria-hidden="true"
      className="sc-fYiAbW dAJvol"
      focusable="false"
      viewBox="0 0 32 32"
    >
      <path
        d="M9.61 23.25h12.78L16 12 9.61 23.25z"
        fill="#fff"
        fillRule="evenodd"
      />
      <path
        d="M3 26.8l7.67-4.52L16 13V4a.45.45 0 0 0-.38.28l-6.27 11-6.26 11a.48.48 0 0 0 0 .48"
        fill="#ff4724"
        fillRule="evenodd"
      />
      <path
        d="M16 4v9l5.29 9.31L29 26.8a.48.48 0 0 0-.05-.48l-6.26-11-6.27-11A.45.45 0 0 0 16 4"
        fill="#9e1f63"
        fillRule="evenodd"
      />
      <path
        d="M29 26.8l-7.67-4.52H10.71L3 26.8a.47.47 0 0 0 .43.2h25.1a.47.47 0 0 0 .43-.2"
        fill="#662d91"
        fillRule="evenodd"
      />
    </svg>
  </span>
  <span
    className="sc-htpNat AXSfk"
  >
    MISSING: welcomeBack
  </span>
  <span
    className="sc-bxivhb eGgLDs"
  >
    MISSING: braveRewardsSubTitle
  </span>
  <span
    className="sc-ifAKCX hOOzFF"
  >
    MISSING: disabledPanelTextTwo
  </span>
  <div
    className="sc-bZQynM hALbJp"
  >
    <button
      className="sc-cIbcTr jdvKwO"
      data-test-id="optInAction"
      type="tip"
    >
      <span
        className="sc-hmyDHa byarxu"
      >
        MISSING: enableRewards
        <div
          className="sc-jTNJqp hRpIgu"
        >
          <span
            className="sc-EHOje eqCgzA"
          >
            <svg
              aria-hidden="true"
              className="sc-eNQAEJ eDUrcV sc-kAzzGY hSZpVc"
              focusable="false"
              viewBox="0 0 32 32"
            >
              <path
                d="M28 15H6.28l4.85-5.25a1 1 0 0 0-.05-1.42 1 1 0 0 0-1.41.06l-6.4 6.93a.7.7 0 0 0-.1.16.75.75 0 0 0-.09.15 1 1 0 0 0 0 .74.75.75 0 0 0 .09.15.7.7 0 0 0 .1.16l6.4 6.93a1 1 0 0 0 1.41.06 1 1 0 0 0 .05-1.42L6.28 17H28a1 1 0 0 0 0-2z"
              />
            </svg>
          </span>
        </div>
      </span>
    </button>
  </div>
  <span
    className="sc-gzVnrw dknIcI"
  >
    MISSING: serviceText
     
    <a
      className="sc-htoDjs kzmymm"
    >
      MISSING: termsOfService
    </a>
     
    MISSING: and
     
    <a
      className="sc-htoDjs kzmymm"
    >
      MISSING: privacyPolicy
    </a>
    .
  </span>
</div>
`;
